[2026-02-10T09:24:45.230] [INFO] default - ➡️ the user is logged in
[2026-02-10T09:24:51.889] [INFO] default - ➡️ the user is on the hairdresser listing page
[2026-02-10T09:24:52.407] [INFO] default - ➡️ the user selects hairdresser at row 1
[2026-02-10T09:24:54.288] [INFO] default - ➡️ the user fills a positive review
[2026-02-10T09:24:54.836] [INFO] default - ➡️ submits the review
[2026-02-10T09:24:55.321] [INFO] default - ➡️ the review should be submitted successfully
[2026-02-10T09:24:55.710] [INFO] default - ➡️ the review count should increase at row 1
[2026-02-10T09:24:56.667] [INFO] default - ➡️ the user is logged in
[2026-02-10T09:25:04.243] [INFO] default - ➡️ the user is on the hairdresser listing page
[2026-02-10T09:25:05.017] [INFO] default - ➡️ the user selects hairdresser at row 2
[2026-02-10T09:25:06.869] [INFO] default - ➡️ the user fills a negative review
[2026-02-10T09:25:07.443] [INFO] default - ➡️ cancels the review
[2026-02-10T09:25:07.813] [INFO] default - ➡️ the review should not be submitted
[2026-02-10T09:25:07.824] [INFO] default - ➡️ the review count should not change at row 2
